{
  "data" : {
    "attributes" : {
      "text" : "Look what I just found!"
    },
    "id" : "1",
    "relationships" : {
      "attachments" : {
        "data" : [
          {
            "id" : "42",
            "type" : "images"
          },
          {
            "id" : "66",
            "type" : "audios"
          }
        ]
      }
    },
    "type" : "messages"
  },
  "included" : [
    {
      "attributes" : {
        "height" : 480,
        "url" : "https:\/\/via.placeholder.com\/640x480",
        "width" : 640
      },
      "id" : "42",
      "type" : "images"
    },
    {
      "attributes" : {
        "title" : "Never Gonna Give You Up",
        "url" : "https:\/\/audio.com\/NeverGonnaGiveYouUp.mp3"
      },
      "id" : "66",
      "type" : "audios"
    }
  ]
}