{
  "data" : {
    "attributes" : {
      "body" : "I like XML better"
    },
    "id" : "1",
    "type" : "comments"
  }
}