{
  "data" : {
    "id" : "1",
    "relationships" : {
      "author" : {
        "data" : {
          "id" : "9",
          "type" : "people"
        }
      },
      "comments" : {
        "data" : [
          {
            "id" : "5",
            "type" : "comments"
          },
          {
            "id" : "12",
            "type" : "comments"
          }
        ]
      }
    },
    "type" : "articles"
  }
}