{
  "data" : {
    "attributes" : {
      "firstName" : "Guille",
      "lastName" : "Gonz√°lez"
    },
    "type" : "people"
  }
}