{
  "data" : {
    "attributes" : {
      "body" : "I like XML better"
    },
    "relationships" : {
      "author" : {
        "data" : null
      }
    },
    "type" : "comments"
  }
}