{
  "data" : {
    "attributes" : {
      "body" : "I like XML better"
    },
    "relationships" : {
      "author" : {
        "data" : {
          "id" : "9",
          "type" : "people"
        }
      }
    },
    "type" : "comments"
  }
}